
> tool-box@0.1.0 build
> npm run build:python && next build


> tool-box@0.1.0 build:python
> ts-node scripts/build-python-bundler.ts

Ô£ô base64_tool bundle generated (2 files) -> base64_tool.bundle.ts
Ô£ô data_lens bundle generated (8 files) -> data_lens.bundle.ts
Ô£ô open_draw bundle generated (6 files) -> open_draw.bundle.ts
Ô£ô pdf_magic bundle generated (8 files) -> pdf_magic.bundle.ts
Ô£ô pixel_axe bundle generated (9 files) -> pixel_axe.bundle.ts
Ô£ô redact_secrets bundle generated (6 files) -> redact_secrets.bundle.ts
Ôû▓ Next.js 16.1.2 (Turbopack)

  Creating an optimized production build ...
Ô£ô Compiled successfully in 86s
  Running TypeScript ...
node.exe : Failed to compile.
At line:1 char:1
+ & "C:\Program Files\nodejs/node.exe" "C:\Program Files\nodejs/node_mo ...
+ ~~~~~~~~~~~~~~~~~~~~~~~~~~~~~~~~~~~~~~~~~~~~~~~~~~~~~~~~~~~~~~~~~~~~~
    + CategoryInfo          : NotSpecified: (Failed to compile.:String) [], RemoteExcep 
   tion
    + FullyQualifiedErrorId : NativeCommandError
 

./src/components/features/pixel-axe/Steganography.tsx:162:93
Type error: Argument of type 'File | null' is not assignable to parameter of type 
'File[]'.
  Type 'null' is not assignable to type 'File[]'.

[0m [90m 160 |[39m                                         ) [33m:[39m (
 [90m 161 |[39m                                             
[33m<[39m[33mFileDropZone[39m
[31m[1m>[22m[39m[90m 162 |[39m                                                 
onFileSelected[33m=[39m{(files) [33m=>[39m handleFileSelect(files[33m,[39m 
[32m"hide"[39m)}
 [90m     |[39m                                                                       
                      [31m[1m^[22m[39m
 [90m 163 |[39m                                                 
accept[33m=[39m[32m"image/*"[39m
 [90m 164 |[39m                                                 
className[33m=[39m[32m"border-0 h-full w-full"[39m
 [90m 165 |[39m                                             [33m/[39m[33m>[39m[0m
Next.js build worker exited with code: 1 and signal: null
